e: aliased to 'echo'
alias: shell builtin
which: shell builtin
path: shell builtin
cd: shell builtin
history: shell builtin
exit: shell builtin
unalias: shell builtin
echo: found at /bin/echo
cat: found at /bin/cat
/bin/echo: found at /bin/echo
./notarealfile: not found
notacommand: not found
e: aliased to 'exit'
echo: not found
cat: not found
echo: found at /bin/echo
